task 1
12.98557692
task 2
1251A284 0000FD06 3C6FAF1B 41328424 25D50D39 01675FBA 8AA22770 3765F7FA 00000000 399F65F4 00000000 00000000 00000000 00000000 561EEFC9 
02340DA6 44944AA2 2E00E65E 1D228394 210C34F1 5F402768 5BB6005D 0685A3A9 12A26E4B 46B0D268 6EA6D07E 75381039 067299AE 3FC4D42A 
49080000 238B915E 4AAFAFD4 6DD4544F 698B6613 5A280402 7823C27C 7BDD0897 046F0108 
452A73FF 420E442A 51D1FA35 
61AA063C 3BCE49C8 0C6391D3 263E50DF 6A5F3026 29861567 474A85D0 499F578E 053C15C4 7929D04D 5C41C5D9 4BECE82C 3C76F9F8 5179D613 525F81DB 7C3BCE22 7B302CCC 1B681183 1FC77980 A0DCDF45 093C65D2 0952C594 2007E0A3 60010000 052FCE2B 2476E1AB 35F399E5 3D6F5AE7 4EBAEFED 376BEE6B 65D68A2C 3064F62A 27BCB4FF 723A1BFF 56A34709 121BE525 1BC03166 1DEDCCD9 5BBB3CB4 20FC472A 6BBDF652 37FD028D 6CE92F57 2834F04A 09764B17 3F48B132 2470BE6C 04A7056D 5AB0C2B5 
4A86E20D 63ED2887 4D8AE381 B0C28E6A 654D50D6 52BAB1AC 0F48A45C 1B40EABB 102A0C93 5DC09449 00000000 760096C0 0E258A73 2EEC0AF1 683AB2BF 
4107F017 FA03E426 02B69E55 1CC32CCB 24F72B50 6E7494A8 54C02F58 E0115AA7 16A984F2 5E3707F9 51290BD9 3B1A435F 3B8E720D 2BD9CE8E 7F52614C 2D64EF73 0FC6F716 16B544CD 17F3B224 751447EC 1F97F679 26F95680 105532A7 2FC2030D 04B9EAC9 1784889A 25C299CD 12DF753D 
0DFD4C8C 77A846B9 3E0483A2 11F830B2 7A5EE50F 00000000 36EF5C03 68D379B7 78FBDFC6 48CFB6AA 7F7CFEA9 5732E7BF 19F8C284 3A974208 3A10F525 45D29112 00000000 6775E498 55998828 06C6E821 7F6996BC 4AADD014 265EDE9B 00000000 00000000 00000000 00000000 00000000 00000000 00000000 0C9429F6 00000000 00000000 00000000 2C4689BC 
5B0302BC 5620E1A8 1C2BD806 72878B56 7BE37B75 3DFC4D43 38F81E57 09E0C801 35A493FC 4070A284 1BD8F8B4 3003790B 64AC52F1 52C854B7 18D6F2C2 5DA84CEA 1B980B61 1853F16C 00000000 00000000 00000000 213F508D 
3590CDE5 00EB7433 6EEC0F9B 7B635EF8 0CD4D6C9 5661F434 50FCE720 139BBEEA 55CB8AF0 1BAAB735 39FA9D85 7C45782D 76ADB9F1 101B7F2D 274B5033 69354547 0BFEFAA2 65479D76 222D6428 A4C2DF15 1AEC3172 629E06AC 31B8BB58 4AEFAA7E 474A599E 0481100F 63C69D40 24F28C55 20191B70 0993D119 59CDA6CC 55A9E956 4F05C221 48B9B667 510D484E 5BDA98EA 1F1BAA9B 220A2F6E 6F7657D4 74E7358C 
task 3
0 1 14
