7
420876 851742 750843 840852 860832 862632 642654 
