4
8429652 7619733 8439552 7509843 9529641 8719722 8649432 7519743 
