task 1
26.53614458
task 2
71E34DFD 69777A06 476416EF 
2EA59FD1 53864BBF 5540B231 515D3121 588E3D74 480B01FB 16651BAE 0D841564 505BB789 1BE55A34 675F7508 37EFC07D 649EE4BD 37F81698 0B7C3042 54710686 64C08746 232C30F0 60AD2339 49A6C5FD 05468180 085488AE 76A298DC 655EC3DA 01038C54 499D56C1 54E00695 72E6DA51 3314D0C7 1C441D84 7C6C8FCA 61BA7098 6FCA6943 51AD41FB 3317A1BA 4858A6B7 19B843F6 497CBD68 55DCBC1C 6A13FB80 6562179D 3D3C4A24 2203BBFD 4A00FC5A 753447BC 2D7FEC3F 1E7202E0 59F4CF03 50AC1D2F 7F1F2619 239B9500 55F29EB0 0773AEC8 1A3E2DDC 3B51628A 08773B1C 63DB849D 1031691F 7B5E156D 16F05564 2C7586A4 77CAA537 78AAC5FC 1C3FEFE7 4977E733 2BC267B6 6498969F 63302B29 753F251F 3A7552BB 4D4426A9 5AA13CBC 77B183DF 6F47E2A6 24A23916 6CE5CB9C 1CC7CEE5 43143BF7 46DA9A9F 6D73EC15 42336210 6A762F9F 43668AC5 49A710D8 04B45D7B 7EB7ED4F 521E4BF4 688FE218 
4D7C6162 7F80377C 3B5EDD12 45470699 782AFD78 579ECCFA 0EBEEDCC 23ED652F 3C376399 71EF18F6 192C8A4E 76ACB654 3F333F9F 73CDC70A 6E5E3A33 2E7B2246 18700020 5B4405CF 4B42F12B 5B843C17 221EA06E 38B6DD40 1DB79E28 0C94D00D 7C1D6805 675EAF00 11492D88 7AD55554 397CFAF5 79D90FA0 09BEABC3 06F95C57 00000000 451D88D5 4C4062F0 71844495 1CBC55CF 5AFF50BD 
58F3B968 4CEE69B3 2E9E3412 4FA06FBC 0C21A952 226BFB1C 3DFEA9F0 3A9CCB98 3ADBFB3C 1942AFBF 05DFBCC4 16603754 3B61502E 3E969A04 3417D57C 47F6203B 3AB4020A 1B76847C 593F4DC4 3589575E 54F37F71 53185D64 3F480321 5BECDBC8 4C71A481 04658BF7 282D3EB9 3DF5E916 2121E1C6 032C8F76 536792DA 7A159B2F 501AF929 0205C6EC 49B60AEB 5C3CA27B 2471C208 07B4B4DB 16D96E14 5F4DBD44 20F7649B 1CB92AD8 75ADF498 5C58B4C9 5B4FC4DC 29C5CA14 244ED504 1603C6E6 453C4E91 7D8E22C8 4B8D1E45 1A2FCE02 50A6802D 0AD52166 761CA9CB 1D1824AE 0F3AAD5D 1E49E884 5B0E0DC4 305C8F24 217677FA 2E75A09E 2A722A53 71917123 
74453562 4DCE6C1A 
7BDCEA1A 64A781B2 343AE6D6 1CD44EB5 0160AC8A E829DB6F 792D037E 5CB07167 53AEA583 1D7BD882 72B4384D 00000000 1B09FB4B 3E415692 331AC217 6BB07B78 491677F9 29376BE2 
58512556 47815466 63D6ADEA 08ADB47A 68F7CC60 124C4E88 331FDECD 5A893D83 42C7B612 2748140C 28575121 17B4DFA4 2324FE26 0CFED2D4 4BEFC67A 3FF94CDB 0E5F7F5E 75D8A1E9 39265059 6B0FF0C5 4987476D 56A228DB 5DC42913 62723B81 71AC2426 1C057FA5 
5D5C9F9E 651BF79E 3EC4697A 66253FC4 3D6D1CF5 0645BDE0 49FBEDAE 461AD16F 6F3D8A40 5C483C36 793AB03D 49C6C7C3 1F0FF248 2082C449 721E18E5 36C4D1EC 43A7C26F 7F1CEBB9 02B49867 03A10F4A 0D7C6B17 788D3A50 3CC75FA3 788C5BDD 421481BD 1369887E 565084F0 2486BD3F 0515ACA5 00000495 3A13BAD7 62724C43 5771FC34 78D82452 48978C08 14DF1929 7F1DE232 129379B6 5AF9EA98 6E5B6C73 6EDBB5ED 54349AD5 38223436 0DEBA835 74B75F1E 2A404D1B 44B07A22 385F218D 295D38D4 47651289 3C0030D7 36D9A3EC 3FF24CD9 78C7907A 2F65FFC9 0206CE97 0C3118F9 05B684B9 268D8BD6 1146C59E 780C894E 60A146AD 73B911E1 4F7E8582 59796AFF 3C509DE9 645D9EAB 58974D32 4EE417A0 3F578944 46F2B9A5 3DBFCD8D 138C2419 7F14EDDB 4BAB75C2 08438338 29553AF7 105BEFE4 40A2A4C5 52B273CB 57C1026D 7CA2D59D 098C17B7 17B34F47 756A6617 38F21780 19BA1DDE 019B7F10 3EA89C39 4047A9B4 12E244AE 36B52588 20E8F061 069B5690 0633AB0A 7A625B61 
6A9149B6 
11D00C19 29E8D2FA 19EC6238 4F8FD9A6 3D74F713 19015013 1B3B4F69 45B87A4B 42568B0A 2B973F4D 065B1F11 1508FED6 035841BB 02FDF4AE 1E95168D 1B0B9102 78685AC5 57872E0E 34C5AEE0 7A03D9D6 162FCA47 750D5894 0CE61E84 4CE4EFCF 15F648F5 13817514 53189ADA 1058A456 566D698E 3DA9E490 63524CE9 
6792B78A 7D3EAF21 37CD4F4E 2507AE9D 163FFF35 53089EB7 6AC028E9 58968A3F 7E9FDE04 711B47FA 6D9F8915 01F81FBF 74193CA8 0C349FA3 1D03B0C1 6C81976D 63BBCDB1 51C95FA1 66857143 79EB97F8 46D6B835 736B8FC8 46D087C8 5CCD012B 06ED04DC 19E922A2 6D25A581 5D5A6E6A 57930732 5077F26B 4597E412 3F25BEBC 4DB6A18C 7D653360 642D6D59 63F6A0C1 506DD217 4EED9642 3C8D2B01 4F0DB01B 4008DE3C 2A2CB416 5105CFDB 34221AE4 366153B9 6E09809C 20A3B252 1A1D216A 3FD2E03E 07292395 1408B963 06A99873 5DB3947A 5AD9412B 6376999E 0181B83A 74C263CD 509C3F20 5EDC26A4 4C556AFF 2114318B 24740AB6 0B7B29BB 6ECAD317 21D93E16 6FA89714 52C173D9 7247102D 3E962D57 0F4E9EDA 4154C049 7E9F0B93 397B52F0 125A9024 32C12678 6FDCA6AA 006410C0 5364D8CA 09F9C814 
5A8DFC5F 1E028177 46E08972 5522AFBD 78DBC2A2 2A572310 56A467F7 6D9E266F 7AF36230 35808E9B 39F3916E 1C0793BB 59F49952 456EBB29 0AD266D3 7BCDD768 3517523E 5D93DAAC 6E14E796 73AD7F95 6CE27986 2F69A7DF 724C8B28 265DCC76 41C43803 250DB1A0 163A7320 422848C3 78728A6A 20343B35 025F39C2 530086CA 3E36BCAC 493FC334 28233687 37127F4F 7396E644 7EC79E7E 24B0A5BE 6E8A4875 34482D19 5EA4372D 0A91DC30 0E3CC66B 2412F256 15644303 0A0A9DD4 592A4494 72F81DAF 781F856A 4CD7C429 5FDA9735 27892D49 3F244F52 063863AC 694D654C 643200F2 1C72D6CC 2B75AE0F 5CA48B5D 3CA71201 2DD4E7D1 
7ADDCEAE 7714AB05 57C848AE 31F04DFD 6AAB914A 568FE72C 56A0F3BB 5935D9BF 0AD81445 45352AE8 63C7B5EF 1914DAB1 59581D3F 792BF8F3 231F7885 328261D3 6C2416A2 1B3EFDEF 7F5A25FD 4BFEADD8 42C82B38 3E7E754F 52371184 2C159084 22B07641 6EA9E850 578B3E93 7F55019E 2B50FA52 05602665 C513FA2E 262EC900 7C74D16A 06C25C73 581F16FD 672062B4 5D52439F 2EC00AB8 40563C73 
640535A1 241DF263 013F3296 3D5D52E0 1D49EB56 245EAB1B 6FDFB4B3 096E01F8 3F9DA90A 6F39DAB0 556CAFD0 0265D442 2DB84FFF 27A3C154 2E7B64C6 5068C641 164DA9A5 0606A359 4FBDC7DF 419EA3F7 0B66C9BE 7EB7DBA5 67CD6CF7 07DB9B29 057A3818 3FECF483 6EFBFDDD 62CC7BB8 6EAC8EAC 2F523A51 4AF6D39D 52B1C44D 53702CB4 4C360633 100F172D 70BA180A 7094B14E 7FEECBE1 7A281A02 30325A58 6F28A691 4F94C9D3 32982E9A 1CE0F691 77388B27 61139360 6D49BCD2 0D8634CC 671A36B9 3D0784B1 4F24D8C3 72810078 3BBF6056 36F245BA 7A5C9BA1 4139986F 76DEC9AE 6958997E 24061427 658B585B 18AAD3CF 6EFCE7C4 383D1CA8 6C1B0083 3B32EDF7 484C33D6 5CD5188D 2BC79F45 483AFFB7 56FD3290 5BF9F99D 3763A648 2691FC63 0E922837 54449CD9 1DCA878A 6FA5BB97 
2B50BC57 56BFF250 7E95DE5D 7A75951A 4940F2C8 3A553EB3 3167DAD5 
7B8ED722 2846A483 2CF627E8 1F94EB49 0DD1FCDE 45A0FBB7 0E91D30D 460F1987 31BBFC3B 49C4C104 0E5B4D5D 0E9114C8 758C6049 56964D14 658E4758 518659E6 0DF9F35C 0C2043BB 6018821D 623E9036 29EACB46 4FBE3DB4 23CCE9E1 553B879D 267E3005 2262C83E 4FB11CB7 6FBF22CD 5CB806F2 0118F78C 335CB137 5846DE14 295F9C10 6052D91F 77DBC95E 373198EE 25F3D4D6 066D9C6B 7D40B275 57AFD111 50325D70 0B9BFFD2 6640E5DA 45BEBDB9 62324CE6 4BCF2D32 174517A0 702C4043 57EF70EE 775D99BD 526AD079 01DA3C34 471BD772 7637BA5A 5715C3D1 6D9A0777 189A8299 26C6E088 5D592A44 7552898B 27DFD815 10B5DB7B 4D99679F 513F7425 7108B49A 457530FD 08710D13 16FC8971 4BE2CD69 05B1BF89 6EAC5A82 1C152AD9 114DBF5B 54ED405C 61D3E892 73800C42 20BC6D8F 79190032 63AC4C85 78ABDE7D 707699F0 
7A861AB1 3792716B 2C4ED758 519B0000 D9782C25 44E959F1 7862BF0A 0285A31D 3A3BE37C 2042971F 133B7E99 07D54B1C 71820B44 04443333 
79F31858 1B40BCA4 192D4982 7FA4D7E1 09ED1727 3542745B 10F2973C 5EDA5783 17165CEE 0472A37E 7F96C512 102F5D20 681EF003 7842A38F 00A5F710 1E360D01 72C8BE40 38386872 4A84E45A 44649CC2 5D64E14B 0F6E3E4B 3CC75BCD 5FEA8469 49AA21C8 5D09F2EC 73260302 517F6CE4 4E8BFE31 776A3635 1EC9E8FD 487F1689 12AAF2DA 37F73280 4823EE6A 1C980A01 6D39A6DB 591685A6 7B726184 045003C9 5D892925 7B092697 147F60EA 45A81928 734BCA26 152557FA 63DE262A 66148867 4D5DC06D 2E630A84 2A792529 2AC2A1B8 3DD148CF 674080F6 0AAD2621 077B6A97 444A73E3 7DD32923 58FAD77B 12D67214 753D5F59 77C4C079 5B55889D 07E85233 2FBBF2F9 
24805C34 1CF599D4 7C8FFCAD 1FF2BDB8 21459D9E 5A1925D2 1AFBE44F 35C4FE88 1FC13EFB 0E47AE76 4AEA5682 039F6525 745C36DD 184816EF 32026FA9 1ED55C06 430AB8A8 6FD3B878 0615DCFD 4DB7DEC9 774F2310 4A6050E0 4B8B07ED 5049FA8B 5D36C2F4 40C86746 480EBB04 388C4B91 48B0B979 77CAADFD 5C05C298 6D3115AD 14C047D2 5895BF45 0D23D365 3605E570 32AEE518 281FB7B5 6BCAE3F8 52702413 3667662B 36B53A7A 560F8938 2AC39D08 4EFD516A 0811F8E1 4998F90E 12080A12 77E5B159 4FAED60B 5FBFE8DB 6F34D469 1A0F26EB 2B4AF0C8 3F7ECEF5 7745E9DF 6C13580E 078D89F9 2FD23570 34C41187 7F5837F7 0BD7F808 21F52734 14187FC9 646DB74E 2F18FA9A 4A1E6539 171C9C66 5738B24F 35E94931 698CC079 0DA0187A 6C9E83AB 3F9C49B1 3863B582 3B9BD515 47AE4292 01FCAE90 4DA3DF27 3F93F3EB 51AB849C 2D63C803 2EC8C855 6BBAAB87 58AEB8CB 6E47974A 63009567 
75D52143 12D2CAD7 79862261 752D593A 1EAAC2E0 1B7B4996 0945D903 03187A2E 4A944430 53643E3C 1A351694 21CCF67F 094D876D 03C1D70D 2F6D0EF9 75EC0B19 435E20BE 67D0C47B 3187E02E 0B0C6350 2CCD730B 7F2BBF56 4AA0573B 3B78F7A7 2C8F8759 79691F90 2733A32F 053E4024 67B0B6DA 0A343896 4A0050FE 5D85D81E 1D07036D 43867360 52B33158 3BB1C64D 5F01BCF6 5BF90A5C 3ECA407B 29960126 2F5D4898 58FF570F 4B62F7A5 38AAD006 5CC12E1C 7AD0069E 2E96DB1F 201F4EDA 62A0CB19 601EBB4D 2B2BB22A 4C6E3E24 5F4A7AA3 75CC0966 00000000 0BDA01FC 6F3528F6 2F1AD8FB 11184221 56E5DFD1 394F1191 5B18931F 346BB7EF 565614FE 1E9F067F 071EE947 1207DB4C 7DA0C375 6317F3A3 50D21BC7 2736C49B 12753C3C 29D172D7 7299BC40 4B200C42 0692A0F3 6D69C2DE 79B6E761 26B1EFCE 500A8DF7 59D5A2AE 51DDA1F8 1C78CC1C 39201D52 47A9AB5E 246001E8 
36DED455 537ADAE3 
0DC4B426 0CC9EC74 312AF48F 42306C15 63200172 4FC9FB0E 494F555C 7527DCBE 4D6ABE84 2C674900 45F9F886 74A1831F 3EDC853C 6FCB6B5D 673B3F60 09FC917E 765E0C50 54A5023E 03B378DF 1D0FFC1E 24AF9036 5D891B8D 6EED9E17 41285C52 16A938DF 36974975 65885E3A 5BA3582E 6D761DCA 3961391D 31B5B99D 7B3AD1F0 45CD2591 62E0AE2C 3D6B3E05 28ED2703 32AAA93B 06BA9362 1E1503C2 001567BF 3321DC62 640EFC48 74B6EADE 71FE619E 53DA67A5 5BF22A3E 7BFAF31C 4A3873F5 30972C7D 7FAE6BFB 67487014 5546BCB3 5D378788 56360E2B 166F1905 73E0C068 0CCD57A0 7BF7773F 4F841896 7A43756B 34FAB05C 0139D233 757E475B 7AC7D5ED 641A8060 32E98561 23B4FCF0 
39A418C3 41CA00B2 16DA915A 6CC5F525 25D8FCFA 0B917C38 5EC456C3 79B3649F 6783A677 5ABF49DF 43EBD895 181AD2F4 5A6DB5DA 2B3448A9 6D618FA7 37A53D62 016A56D4 03D0A8AC 2B85FDCA 0E37AE74 7FC81FEB 7B0A1660 087B23DF 34C2D047 7C43E894 7DF96B3B 2F8AA634 605E68F4 30E2F09C 533FA324 7723928F 6A87095F 1509A3D7 0DFE23E9 574CFE84 3AE2A0D1 198FA021 36115547 34960571 01134698 10D09F26 7881DE06 192E198C 6B3E5500 23B626AF 068FA933 22E39262 25207D83 0A6051DF 4E69902D 33582BF7 0A2871CA 4973A68D 3BD34FD7 3EEB4211 45B78F21 39CCBB12 6E75E845 2615F815 6AAFABAE 41B58B6A 1D398AA4 5536B50D 56BF2F41 2B37AE8D 2C83B391 11A1D012 44C74EAF 629508D8 4637D583 45DA9547 7365A7FE 3EB9B389 5F08AED4 5EA3FCFE 626FDA38 65985807 01878F60 079057BB 6FF8A9E7 4FF11F8D 3AE883B3 7A211BB1 1964C61B 76BBD38A 390C5DC3 5F1C553C 30888E9C 27824608 05324D52 4A3A381B 6937D172 226BD7F6 706EEF57 3FF700B3 
1CF2A2E8 5198D0C6 126AD533 7F87ABC0 17D0A649 58456A7A 72ED53BE 568A59D3 374E194E 519150BC 38FA340B 1CE67156 5318E01C 408A8BC7 0CDF1B3D 2309FFAA 7B730F7A 070036EE 3C6EC5C5 722EE304 400C94B1 1B8B1B01 22B771A0 678EDABA 20BD6853 3DEFABEA 50C6AC2C 4329404A 2E5E9B41 10BDACE0 10CCC6CE 4B513E29 62567DA6 23379C01 4AD8E9E9 7A2723EF 
3DC63DA7 50B17DC2 32CB1FCA 0F578E63 09ABB1CE 4FB19120 62706E7F 4A363D95 5C90AC5D 057A6E29 45A94D0F 6390E34B 41E933EE 37D83013 239D77FD 5D744EF0 5A8FA1B3 0B2C52B7 7E31B743 187F4D9D 5BF2FEE3 415AF78D 46DDE8DE 6CB0ABC3 5227BE5B 122F2707 4F072969 
task 3
0 1 14
